** Drc report for FlowState.kicad_pcb **
** Created on 2026-05-05T21:38:28-0700 **
** Report includes: Errors, Warnings **

** Found 15 DRC violations **
[invalid_outline]: Board has malformed outline (no edges found on Edge.Cuts layer)
    Local override; error
    @(0.0000 mm, 0.0000 mm): PCB
[starved_thermal]: Thermal relief connection to zone incomplete (layer B.Cu; zone min spoke count 2; actual 1)
    Local override; error
    @(14.7500 mm, 13.5000 mm): Zone [GND] on B.Cu, priority 0
    @(40.0049 mm, 55.0000 mm): PTH pad 2 [GND] of C2
[via_dangling]: Via is not connected or connected on only one layer
    Local override; warning
    @(55.2798 mm, 24.4898 mm): Via [GND] on F.Cu - B.Cu
[via_dangling]: Via is not connected or connected on only one layer
    Local override; warning
    @(59.4653 mm, 54.1856 mm): Via [GND] on F.Cu - B.Cu
[via_dangling]: Via is not connected or connected on only one layer
    Local override; warning
    @(40.6700 mm, 55.6784 mm): Via [GND] on F.Cu - B.Cu
[via_dangling]: Via is not connected or connected on only one layer
    Local override; warning
    @(32.7938 mm, 63.1604 mm): Via [GND] on F.Cu - B.Cu
[lib_footprint_mismatch]: Footprint 'CP_Radial_D5.0mm_P2.00mm' does not match copy in library 'Capacitor_THT'.
    Local override; warning
    @(31.9600 mm, 64.7051 mm): Footprint C1
[lib_footprint_mismatch]: Footprint 'MODULE_ESP32_DEVKIT_V1' does not match copy in library 'devkit'.
    Local override; warning
    @(41.5000 mm, 36.5000 mm): Footprint U2
[lib_footprint_mismatch]: Footprint 'SOT-223-3_TabPin2' does not match copy in library 'Package_TO_SOT_SMD'.
    Local override; warning
    @(32.2100 mm, 56.2500 mm): Footprint U1
[lib_footprint_mismatch]: Footprint 'CP_Radial_D5.0mm_P2.00mm' does not match copy in library 'Capacitor_THT'.
    Local override; warning
    @(38.0049 mm, 55.0000 mm): Footprint C2
[silk_over_copper]: Silkscreen clipped by solder mask
    Local override; warning
    @(55.7500 mm, 22.3000 mm): Reference field of C3
[silk_overlap]: Silkscreen overlap
    Rule: board setup constraints silk; warning
    @(16.0250 mm, 22.2200 mm): Segment of U2 on F.Silkscreen
    @(55.7500 mm, 22.3000 mm): Reference field of C3
[silk_overlap]: Silkscreen overlap
    Rule: board setup constraints silk; warning
    @(55.7500 mm, 22.3000 mm): Reference field of C3
    @(16.0250 mm, 22.2200 mm): Segment of U2 on F.Silkscreen
[silk_overlap]: Silkscreen overlap
    Rule: board setup constraints silk; warning
    @(66.9750 mm, 50.7300 mm): Segment of U2 on F.Silkscreen
    @(39.0049 mm, 51.2500 mm): Reference field of C2
[silk_overlap]: Silkscreen overlap
    Rule: board setup constraints silk; warning
    @(66.9750 mm, 50.7300 mm): Segment of U2 on F.Silkscreen
    @(39.0049 mm, 51.2500 mm): Reference field of C2

** Found 1 unconnected pads **
[unconnected_items]: Missing connection between items
    Local override; error
    @(14.7500 mm, 13.5000 mm): Zone [GND] on B.Cu, priority 0
    @(14.7500 mm, 13.5000 mm): Zone [GND] on B.Cu, priority 0

** Found 0 Footprint errors **

** End of Report **
